// Vitest Snapshot v1, https://vitest.dev/guide/snapshot.html

exports[`renders simple component 1`] = `
<div
  q:container="resumed"
  q:render="dom"
  q:version="1.17.0"
>
  <!--qv -->
  <div>
    Hello World
  </div>
  <!--/qv-->
</div>
`;
